QLD (Version 4.8.1)- Link/Load Summary: 'debug\uppgift4_Debug.s19'
SCRIPT FILES FROM THE FOLLOWING PATH(S):
  'C:/Program Files (x86)/GMV/EducDist/config/xcc12'

SCRIPT READ FROM THE FOLLOWING FILE(S):
  'default.lsc'

---------------------------
 SEARCHED LIBRARIES:
 'C:/Program Files (x86)/GMV/EducDist/lib/xcc12/libccd.e12'

---------------------------
 PROGRAM ENTRY:'__start'
---------------------------
 GROUPS AND SEGMENTS:

  GROUP 'test_group', READ/WRITE ,allocation to: 00001000 - 000014DD, (size: 1246 Bytes)
   00001000 00001009 'init'
   0000100A 000014A5 'text'
   000014A6 000014D9 'data'
   000014DA 000014DD 'bss'

  GROUP 'interrupt_vectors', READ/WRITE
   NO SEGMENTS

  GROUP 'const_group',
   NO SEGMENTS
---------------------------
LINKER DEFINED CONSTANTS:
   __rom_code_enabled = 0
   __heap_start = 000014DE
  from segment 'text'
   0000100A '__text__start'
   000014A6 '__text__end'
   0000049C '__text__size'
  from segment 'init'
   00001000 '__init__start'
   0000100A '__init__end'
   0000000A '__init__size'
  from segment 'bss'
   000014DA '__bss__start'
   000014DE '__bss__end'
   00000004 '__bss__size'
  from segment 'data'
   000014A6 '__data__start'
   000014DA '__data__end'
   00000034 '__data__size'
  from segment 'rodata'
   00000000 '__rodata__start'
   00000000 '__rodata__end'
   00000000 '__rodata__size'
---------------------------
GLOBAL SYMBOL(S):

 in module: 'appstart' of type 'O12' defined in file 'appstart.o12'
  in segment: 'init'
   00001006 '_exit'
   00001000 '__start'

 in module: 'clock' of type 'O12' defined in file 'clock.o12'
  in segment: 'text'
   0000105F '_hold'
   0000100A '_init_clock'
   00001046 '_get_time'
   0000102A '_clock_inter'

 in module: 'cock' of type 'O12' defined in file 'cock.o12'
  in segment: 'text'
   00001082 '_IRQ'
   0000107F '_clock_reset'

 in module: 'main' of type 'O12' defined in file 'main.o12'
  in segment: 'text'
   00001086 '_main'

 in module: 'drill' of type 'O12' defined in file 'drill.o12'
  in segment: 'text'
   00001127 '_MotorStop'
   000010D9 '_step'
   0000113D '_DrillUp'
   000011C1 '_Alarm'
   000012A2 '_Outzero'
   00001155 '_Nstep'
   0000111C '_MotorStart'
   00001180 '_DrillDownTest'
   00001245 '_DoAuto'
   00001229 '_RefPos'
   000012BD '_Outone'
   00001215 '_DrillHole'
   00001132 '_DrillDown'
  in segment: 'data'
   000014A7 '_bitmaskar'
   000014AF '_pattern'

 in module: 'keyboardml15' of type 'O12' defined in file 'keyboardml15.o12'
  in segment: 'text'
   000012D7 '_get_key'

 in module: '_cmp32' of type 'O12' defined in file '_cmp32.o12'
  in segment: 'text'
   000012F9 'cmp32'

 in module: '_mul32' of type 'O12' defined in file '_mul32.o12'
  in segment: 'text'
   000013A5 'muls32'
   00001312 'mulu32'

 in module: '_add32' of type 'O12' defined in file '_add32.o12'
  in segment: 'text'
   0000146E 'add32'

 in module: '_and32' of type 'O12' defined in file '_and32.o12'
  in segment: 'text'
   0000147D 'and32'

 in module: '_shl32' of type 'O12' defined in file '_shl32.o12'
  in segment: 'text'
   0000148C 'shl32'
---
 End of listfile
