QLD (Version 4.8.1)- Link/Load Summary: 'debug\uppgift4_Debug.s19'
SCRIPT FILES FROM THE FOLLOWING PATH(S):
  'C:/Program Files (x86)/GMV/EducDist/config/xcc12'

SCRIPT READ FROM THE FOLLOWING FILE(S):
  'default.lsc'

---------------------------
 SEARCHED LIBRARIES:
 'C:/Program Files (x86)/GMV/EducDist/lib/xcc12/libccd.e12'

---------------------------
 PROGRAM ENTRY:'__start'
---------------------------
 GROUPS AND SEGMENTS:

  GROUP 'test_group', READ/WRITE ,allocation to: 00001000 - 000013DF, (size: 992 Bytes)
   00001000 00001009 'init'
   0000100A 000013D1 'text'
   000013D2 000013DB 'data'
   000013DC 000013DF 'bss'

  GROUP 'interrupt_vectors', READ/WRITE
   NO SEGMENTS

  GROUP 'const_group',
   NO SEGMENTS
---------------------------
LINKER DEFINED CONSTANTS:
   __rom_code_enabled = 0
   __heap_start = 000013E0
  from segment 'text'
   0000100A '__text__start'
   000013D2 '__text__end'
   000003C8 '__text__size'
  from segment 'init'
   00001000 '__init__start'
   0000100A '__init__end'
   0000000A '__init__size'
  from segment 'bss'
   000013DC '__bss__start'
   000013E0 '__bss__end'
   00000004 '__bss__size'
  from segment 'data'
   000013D2 '__data__start'
   000013DC '__data__end'
   0000000A '__data__size'
  from segment 'rodata'
   00000000 '__rodata__start'
   00000000 '__rodata__end'
   00000000 '__rodata__size'
---------------------------
GLOBAL SYMBOL(S):

 in module: 'appstart' of type 'O12' defined in file 'appstart.o12'
  in segment: 'init'
   00001006 '_exit'
   00001000 '__start'

 in module: 'clock' of type 'O12' defined in file 'clock.o12'
  in segment: 'text'
   0000105F '_hold'
   0000100A '_init_clock'
   00001046 '_get_time'
   0000102A '_clock_inter'

 in module: 'cock' of type 'O12' defined in file 'cock.o12'
  in segment: 'text'
   00001082 '_IRQ'
   0000107F '_clock_reset'

 in module: 'main' of type 'O12' defined in file 'main.o12'
  in segment: 'text'
   00001086 '_main'

 in module: 'drill' of type 'O12' defined in file 'drill.o12'
  in segment: 'text'
   000010EA '_MotorStop'
   0000108F '_step'
   00001100 '_DrillUp'
   00001184 '_Alarm'
   000011F0 '_Outzero'
   00001118 '_Nstep'
   000010D2 '_MotorStart'
   00001143 '_DrillDownTest'
   000011EE '_DoAuto'
   000011EC '_RefPos'
   0000120B '_Outone'
   000011D8 '_DrillHole'
   000010F5 '_DrillDown'
  in segment: 'data'
   000013D3 '_bitmaskar'

 in module: '_cmp32' of type 'O12' defined in file '_cmp32.o12'
  in segment: 'text'
   00001225 'cmp32'

 in module: '_mul32' of type 'O12' defined in file '_mul32.o12'
  in segment: 'text'
   000012D1 'muls32'
   0000123E 'mulu32'

 in module: '_add32' of type 'O12' defined in file '_add32.o12'
  in segment: 'text'
   0000139A 'add32'

 in module: '_and32' of type 'O12' defined in file '_and32.o12'
  in segment: 'text'
   000013A9 'and32'

 in module: '_shl32' of type 'O12' defined in file '_shl32.o12'
  in segment: 'text'
   000013B8 'shl32'
---
 End of listfile
